<html>
<body>
<pre>
<h1>µVision Build Log</h1>
<h2>Project:</h2>
C:\Users\Admin\Desktop\Last_Project\STM32F103-LM35-Temperature-Monitor\STM32F103-LM35-Temperature-Monitor.uvproj
Project File Date:  07/05/2026

<h2>Output:</h2>
Rebuild target 'Target 1'
assembling startup_stm32f10x_md.s...
compiling main.c...
compiling system_stm32f10x.c...
linking...
Program Size: Code=3472 RO-data=268 RW-data=28 ZI-data=1636  
FromELF: creating hex file...
".\STM32F103-LM35-Temperature-Monitor.axf" - 0 Error(s), 0 Warning(s).
